cargo :    Compiling toy_comp v0.1.0 (C:\Users\chase_qlo04cr\sideProjects\toy_compiler\toy_comp)
At line:1 char:65
+ ... \toy_comp'; cargo test test_tirgen_while_with_var_mod 2>&1 > test_out ...
+                 ~~~~~~~~~~~~~~~~~~~~~~~~~~~~~~~~~~~~~~~~~~~~~~~~~~~~~~~~~
    + CategoryInfo          : NotSpecified: (   Compiling to...piler\toy_comp):String) [], RemoteException
    + FullyQualifiedErrorId : NativeCommandError
 
warning: variable does not need to be mutable
  --> src\main.rs:58:9
   |
58 |     let mut l = Lexer::new();
   |         ----^
   |         |
   |         help: remove this `mut`
   |
   = note: `#[warn(unused_mut)]` (part of `#[warn(unused)]`) on by default

warning: variable does not need to be mutable
  --> src\main.rs:59:9
   |
59 |     let mut p = Parser::new();
   |         ----^
   |         |
   |         help: remove this `mut`

warning: unused variable: `should_jit`
  --> src\main.rs:37:17
   |
37 |             let should_jit = args.contains(&"--aot".to_string());
   |                 ^^^^^^^^^^ help: if this is intentional, prefix it with an underscore: `_should_jit`
   |
   = note: `#[warn(unused_variables)]` (part of `#[warn(unused)]`) on by default

warning: unused variable: `result`
  --> src\main.rs:40:17
   |
40 |             let result = match p.parse(l.lex(String::from(input)).unwrap()) {
   |                 ^^^^^^ help: if this is intentional, prefix it with an underscore: `_result`

warning: unused variable: `contents`
  --> src\main.rs:54:9
   |
54 |     let contents = fs::read_to_string(filename).unwrap_or_else(|err| {
   |         ^^^^^^^^ help: if this is intentional, prefix it with an underscore: `_contents`

warning: unused variable: `l`
  --> src\main.rs:58:9
   |
58 |     let mut l = Lexer::new();
   |         ^^^^^ help: if this is intentional, prefix it with an underscore: `_l`

warning: unused variable: `p`
  --> src\main.rs:59:9
   |
59 |     let mut p = Parser::new();
   |         ^^^^^ help: if this is intentional, prefix it with an underscore: `_p`

warning: unused variable: `path`
  --> src\main.rs:65:9
   |
65 |     let path = if !should_jit {
   |         ^^^^ help: if this is intentional, prefix it with an underscore: `_path`

warning: field `ast_t_ir` is never read
 --> src\codegen\mod.rs:6:5
  |
5 | pub struct Generator {
  |            --------- field in this struct
6 |     ast_t_ir: AstToIrConverter,
  |     ^^^^^^^^
  |
  = note: `#[warn(dead_code)]` (part of `#[warn(unused)]`) on by default

warning: `toy_comp` (bin "toy_comp" test) generated 9 warnings (run `cargo fix --bin "toy_comp" -p toy_comp --tests` to apply 
8 suggestions)
    Finished `test` profile [unoptimized + debuginfo] target(s) in 1.35s
     Running unittests src\main.rs (target\x86_64-pc-windows-gnu\debug\deps\toy_comp-eb3424fba37fea10.exe)

running 1 test
test codegen::tir::tests::test_tirgen_while_with_var_mod ... FAILED

failures:

---- codegen::tir::tests::test_tirgen_while_with_var_mod stdout ----

thread 'codegen::tir::tests::test_tirgen_while_with_var_mod' (39376) panicked at src\codegen\tir\tests.rs:593:5:
assertion `left == right` failed
  left: [Function { params: [], body: [Block { id: 0, ins: [IConst(0, 0, I64), JumpBlockUnCond(1, 1)] }, Block { id: 1, ins: [Phi(2, [0, 2], [SSAValue { val: 0, ty: Some(I64) }, SSAValue { val: 7, ty: Some(I64) }]), IConst(3, 3, I64), BoolInfix(4, SSAValue { val: 2, ty: Some(I64) }, SSAValue { val: 3, ty: Some(I64) }, LessThan), JumpCond(5, SSAValue { val: 4, ty: Some(I1) }, 2, 3)] }, Block { id: 2, ins: [IConst(6, 1, I64), NumericInfix(7, SSAValue { val: 2, ty: Some(I64) }, SSAValue { val: 6, ty: Some(I64) }, Plus), JumpBlockUnCond(8, 1)] }, Block { id: 3, ins: [IConst(9, 0, I64), Ret(10, SSAValue { val: 9, ty: Some(I64) })] }], name: "user_main", ret_type: I64, ins_counter: 11 }]
 right: [Function { params: [], body: [Block { id: 0, ins: [IConst(0, 0, I64), JumpBlockUnCond(1, 1)] }, Block { id: 1, ins: [Phi(2, [0, 2], [SSAValue { val: 0, ty: Some(I64) }, SSAValue { val: 5, ty: Some(I64) }]), IConst(3, 3, I64), BoolInfix(4, SSAValue { val: 2, ty: Some(I64) }, SSAValue { val: 3, ty: Some(I64) }, LessThan), JumpCond(5, SSAValue { val: 4, ty: Some(I1) }, 2, 3)] }, Block { id: 2, ins: [IConst(6, 1, I64), NumericInfix(7, SSAValue { val: 2, ty: Some(I64) }, SSAValue { val: 6, ty: Some(I64) }, Plus), JumpBlockUnCond(8, 1)] }, Block { id: 3, ins: [IConst(9, 0, I64), Ret(10, SSAValue { val: 9, ty: Some(I64) })] }], name: "user_main", ret_type: I64, ins_counter: 11 }]
stack backtrace:
   0: __rustc::rust_begin_unwind
             at /rustc/80d8f292d82d735f83417221dd63b0dd2bbb8dd2/library\std\src/panicking.rs:690:5
   1: core::panicking::panic_fmt
             at /rustc/80d8f292d82d735f83417221dd63b0dd2bbb8dd2/library\core\src/panicking.rs:80:14
   2: core::panicking::assert_failed_inner
             at /rustc/80d8f292d82d735f83417221dd63b0dd2bbb8dd2/library\core\src/panicking.rs:439:17
   3: core::panicking::assert_failed::<alloc::vec::Vec<toy_comp::codegen::tir::ir::Function>, alloc::vec::Vec<toy_comp::codegen::tir::ir::Function>>
             at C:\Users\chase_qlo04cr\.rustup\toolchains\nightly-x86_64-pc-windows-gnu\lib/rustlib/src/rust\library\core\src\panicking.rs:394:5
   4: toy_comp::codegen::tir::tests::test_tirgen_while_with_var_mod
             at .\src\codegen\tir\tests.rs:593:5
   5: toy_comp::codegen::tir::tests::test_tirgen_while_with_var_mod::{closure#0}
             at .\src\codegen\tir\tests.rs:590:36
   6: <toy_comp::codegen::tir::tests::test_tirgen_while_with_var_mod::{closure#0} as core::ops::function::FnOnce<()>>::call_once
             at C:\Users\chase_qlo04cr\.rustup\toolchains\nightly-x86_64-pc-windows-gnu\lib/rustlib/src/rust\library\core\src\ops\function.rs:250:5
note: Some details are omitted, run with `RUST_BACKTRACE=full` for a verbose backtrace.


failures:
    codegen::tir::tests::test_tirgen_while_with_var_mod

test result: FAILED. 0 passed; 1 failed; 0 ignored; 0 measured; 109 filtered out; finished in 0.01s

error: test failed, to rerun pass `--bin toy_comp`
